// Jest Snapshot v1, https://goo.gl/fbAQLP

exports[`<DealArea /> Snapshots renders correctly 1`] = `
<div
  className="deal-area"
>
  <div
    className="card-set"
  >
    <img
      className="card"
      src="card_back.svg"
    />
    <img
      className="card"
      src="card_back.svg"
    />
    <img
      className="card"
      src="card_back.svg"
    />
    <img
      className="card"
      src="card_back.svg"
    />
  </div>
  <img
    className="card"
    src="2D.svg"
  />
</div>
`;
