// Jest Snapshot v1, https://goo.gl/fbAQLP

exports[`<Table /> Snapshots renders correctly 1`] = `
<div
  className="table"
>
  <div
    className="table-inside"
  >
    <div
      className="table-content"
    >
      <div
        className="attack-set"
      >
        <div
          className="card-set"
        >
          <img
            className="card"
            src="2D.svg"
          />
        </div>
      </div>
      <div
        className="defend-set"
      >
        <div
          className="card-set"
        >
          <img
            className="card"
            src="KS.svg"
          />
        </div>
      </div>
    </div>
  </div>
</div>
`;
