// Jest Snapshot v1, https://goo.gl/fbAQLP

exports[`<Game /> Snapshots renders correctly 1`] = `
<div
  className="game"
>
  <div
    className="control-area"
  >
    <a
      className="waves-effect waves-light btn-small"
      onClick={[Function]}
    >
      New game
    </a>
    <a
      className="waves-effect waves-light red lighten-2 btn-small"
      onClick={[Function]}
    >
      Exit
    </a>
  </div>
  <div
    className="deal-area"
  >
    <div
      className="card-set"
    >
      <img
        className="card"
        src="card_back.svg"
      />
      <img
        className="card"
        src="card_back.svg"
      />
    </div>
    <img
      className="card"
      src="2D.svg"
    />
  </div>
  <div
    className="player-area bottom"
  >
    <div
      className="card-set"
    >
      <img
        className="card"
        src="card_back.svg"
      />
      <img
        className="card"
        src="card_back.svg"
      />
    </div>
  </div>
  <div
    className="player-area top"
  >
    <div
      className="card-set"
    >
      <img
        className="card"
        src="card_back.svg"
      />
      <img
        className="card"
        src="card_back.svg"
      />
      <img
        className="card"
        src="card_back.svg"
      />
      <img
        className="card"
        src="card_back.svg"
      />
      <img
        className="card"
        src="card_back.svg"
      />
      <img
        className="card"
        src="card_back.svg"
      />
      <img
        className="card"
        src="card_back.svg"
      />
      <img
        className="card"
        src="card_back.svg"
      />
      <img
        className="card"
        src="card_back.svg"
      />
      <img
        className="card"
        src="card_back.svg"
      />
      <img
        className="card"
        src="card_back.svg"
      />
      <img
        className="card"
        src="card_back.svg"
      />
      <img
        className="card"
        src="card_back.svg"
      />
      <img
        className="card"
        src="card_back.svg"
      />
      <img
        className="card"
        src="card_back.svg"
      />
      <img
        className="card"
        src="card_back.svg"
      />
      <img
        className="card"
        src="card_back.svg"
      />
      <img
        className="card"
        src="card_back.svg"
      />
      <img
        className="card"
        src="card_back.svg"
      />
      <img
        className="card"
        src="card_back.svg"
      />
      <img
        className="card"
        src="card_back.svg"
      />
      <img
        className="card"
        src="card_back.svg"
      />
      <img
        className="card"
        src="card_back.svg"
      />
      <img
        className="card"
        src="card_back.svg"
      />
      <img
        className="card"
        src="card_back.svg"
      />
    </div>
  </div>
  <div
    className="player-area left"
  >
    <div
      className="card-set"
    >
      <img
        className="card"
        src="card_back.svg"
      />
      <img
        className="card"
        src="card_back.svg"
      />
      <img
        className="card"
        src="card_back.svg"
      />
      <img
        className="card"
        src="card_back.svg"
      />
      <img
        className="card"
        src="card_back.svg"
      />
    </div>
  </div>
  <div
    className="player-area right"
  >
    <div
      className="card-set"
    />
  </div>
  <div
    className="table"
  >
    <div
      className="table-inside"
    >
      <div
        className="table-content"
      />
    </div>
  </div>
</div>
`;
