// Jest Snapshot v1, https://goo.gl/fbAQLP

exports[`<PlayerArea /> Snapshots renders empty player area correctly 1`] = `
<div
  className="player-area bottom"
/>
`;

exports[`<PlayerArea /> Snapshots renders player area with cards correctly 1`] = `
<div
  className="player-area bottom"
>
  <div
    className="card-set"
  >
    <img
      className="card"
      src="card_back.svg"
    />
    <img
      className="card"
      src="card_back.svg"
    />
  </div>
</div>
`;
